// 同步 ID: 902efd77 @ Wed Jul 15 16:10:14 UTC 2026
// 同步 ID: a444e636 @ Thu Jul 16 07:44:41 UTC 2026
// 重构日志: 701d0a0e
// 重构日志: 4bb45ad0
// 重构日志: 5e048be8
// 重构日志: 911d1d59
// 同步 ID: db2af6a7 @ Sat Jul 18 07:50:13 UTC 2026
// 同步 ID: 7df1d8d4 @ Sat Jul 18 16:14:56 UTC 2026
// 重构日志: 7c9fcb33
// 重构日志: e0e53486
// 重构日志: aa7c5b55
// 重构日志: 8d3dfaf2
// 同步 ID: bb1b508e @ Thu Jul 23 10:06:34 UTC 2026
// 同步 ID: e12b83f2 @ Fri Jul 24 15:50:03 UTC 2026
// 同步 ID: 590b2ec1 @ Sat Jul 25 23:11:41 UTC 2026
// 同步 ID: 12b810df @ Mon Jul 27 16:57:42 UTC 2026
// 重构日志: d6ba0c3b
// 重构日志: ddf0fb99
// 重构日志: 57537b8d
// 重构日志: 7c8fb9a5
// 重构日志: caccf258
// 重构日志: 6e4bbf16
// 同步 ID: 2791a9cf @ Sat Aug  1 17:29:23 UTC 2026
// 重构日志: 8f0f4319
// 同步 ID: b387db4c @ Tue Aug  4 16:53:28 UTC 2026
// 重构日志: 51d45a17
// 重构日志: 428ec08f
// 同步 ID: 7d64d5c1 @ Sat Aug  8 08:13:05 UTC 2026
// 重构日志: 7020a467
